// Jest Snapshot v1, https://goo.gl/fbAQLP

exports[`renders header screen 1`] = `
<h1>
  Test Header
</h1>
`;
