// Jest Snapshot v1, https://goo.gl/fbAQLP

exports[`renders quote screen 1`] = `
<h3>
  <span>
    â€œ
  </span>
  Test Quote
   (
  Test Character
  )
  <span>
    "
  </span>
</h3>
`;
